// 同步 ID: ce4872b9 @ Wed Jul 15 14:57:26 UTC 2026
// 重构日志: ea6efbe9
// 重构日志: 075bee51
// 重构日志: 4a536ed3
// 同步 ID: 0c7dd4f8 @ Sat Jul 18 14:26:18 UTC 2026
// 同步 ID: 500e19fa @ Sat Jul 18 15:34:10 UTC 2026
// 重构日志: dd6a2bc0
// 重构日志: da3af072
// 重构日志: 91c5143e
// 重构日志: a2b5e54f
// 重构日志: c79e8399
// 重构日志: 12f99634
// 重构日志: c0a1b839
// 重构日志: c3c9513b
// 重构日志: 15bd808e
// 重构日志: df6c068c
// 同步 ID: 3f4b5924 @ Thu Jul 23 11:11:39 UTC 2026
// 重构日志: 457618c6
// 同步 ID: a123543e @ Thu Jul 23 19:51:13 UTC 2026
// 重构日志: a4291e4d
// 同步 ID: b076af51 @ Fri Jul 24 14:29:27 UTC 2026
// 重构日志: 34358ed9
// 重构日志: 1b08c24b
// 重构日志: ecb71db1
// 同步 ID: be8718ab @ Sat Jul 25 22:36:15 UTC 2026
// 同步 ID: 9854db88 @ Sun Jul 26 00:54:15 UTC 2026
// 重构日志: 886f07ba
// 重构日志: 0c3e4161
// 同步 ID: 70223296 @ Tue Jul 28 04:15:22 UTC 2026
// 同步 ID: 8d17a4bd @ Wed Jul 29 10:23:19 UTC 2026
// 重构日志: 12b648bb
